
> main-vite-js@7.0.0 build
> vite build

[36mvite v6.4.1 [32mbuilding for production...[36m[39m
transforming...
[32m✓[39m 18455 modules transformed.
rendering chunks...
computing gzip size...
[2mdist/[22m[32mindex.html                                  [39m[1m[2m  0.65 kB[22m[1m[22m[2m │ gzip:   0.42 kB[22m
[2mdist/[22m[32massets/light-logo-rtl-DrEtHxsw.svg          [39m[1m[2m  6.62 kB[22m[1m[22m[2m │ gzip:   2.60 kB[22m
[2mdist/[22m[32massets/dark-rtl-logo-VYumaXo0.svg           [39m[1m[2m  6.64 kB[22m[1m[22m[2m │ gzip:   2.60 kB[22m
[2mdist/[22m[32massets/icon-flag-sa-BOwveY-t.svg            [39m[1m[2m  6.84 kB[22m[1m[22m[2m │ gzip:   2.06 kB[22m
[2mdist/[22m[32massets/errorimg-BnezSDd2.svg                [39m[1m[2m 11.89 kB[22m[1m[22m[2m │ gzip:   4.20 kB[22m
[2mdist/[22m[32massets/empty-shopping-cart-CHZGqwZ9.svg     [39m[1m[2m 18.88 kB[22m[1m[22m[2m │ gzip:   7.88 kB[22m
[2mdist/[22m[32massets/point-austrelia-logo-SapuO0nH.svg    [39m[1m[2m 19.97 kB[22m[1m[22m[2m │ gzip:   8.04 kB[22m
[2mdist/[22m[32massets/user-4-C1-xBLNW.jpg                  [39m[1m[2m 24.34 kB[22m[1m[22m
[2mdist/[22m[32massets/user-5-TcGtWTp3.jpg                  [39m[1m[2m 26.11 kB[22m[1m[22m
[2mdist/[22m[32massets/user-3-HJ3opN5n.jpg                  [39m[1m[2m 27.73 kB[22m[1m[22m
[2mdist/[22m[32massets/user-2-idGLMY7R.jpg                  [39m[1m[2m 29.52 kB[22m[1m[22m
[2mdist/[22m[32massets/user-1-CznVQ9Sv.jpg                  [39m[1m[2m 30.95 kB[22m[1m[22m
[2mdist/[22m[32massets/poiunt-aus-logo-DHMi5k2J.png         [39m[1m[2m 76.66 kB[22m[1m[22m
[2mdist/[22m[32massets/s7-CTzWdjv0.jpg                      [39m[1m[2m 78.23 kB[22m[1m[22m
[2mdist/[22m[32massets/piggy-6rJKXHDU.png                   [39m[1m[2m 82.62 kB[22m[1m[22m
[2mdist/[22m[32massets/s4-DZcRYgYm.jpg                      [39m[1m[2m 84.20 kB[22m[1m[22m
[2mdist/[22m[32massets/s9-Oqnmwd8d.jpg                      [39m[1m[2m 89.95 kB[22m[1m[22m
[2mdist/[22m[32massets/s6-BHYP62n9.jpg                      [39m[1m[2m 99.25 kB[22m[1m[22m
[2mdist/[22m[32massets/welcome-bg2-Dl2clQ1z.png             [39m[1m[2m140.29 kB[22m[1m[22m
[2mdist/[22m[32massets/ChatBc-CQ5hWW4s.png                  [39m[1m[2m151.92 kB[22m[1m[22m
[2mdist/[22m[35massets/index-C06Cl-8s.css                   [39m[1m[2m  1.20 kB[22m[1m[22m[2m │ gzip:   0.38 kB[22m
[2mdist/[22m[35massets/FullLayout-CxjVi7H7.css              [39m[1m[2m  3.11 kB[22m[1m[22m[2m │ gzip:   0.90 kB[22m
[2mdist/[22m[36massets/user-4-DZpG0ypg.js                   [39m[1m[2m  0.13 kB[22m[1m[22m[2m │ gzip:   0.11 kB[22m
[2mdist/[22m[36massets/CustomSelect-B6vWwNnr.js             [39m[1m[2m  0.17 kB[22m[1m[22m[2m │ gzip:   0.15 kB[22m
[2mdist/[22m[36massets/BlankLayout-DtKgYYav.js              [39m[1m[2m  0.18 kB[22m[1m[22m[2m │ gzip:   0.17 kB[22m
[2mdist/[22m[36massets/useControlled-Bdc2QxVJ.js            [39m[1m[2m  0.23 kB[22m[1m[22m[2m │ gzip:   0.21 kB[22m
[2mdist/[22m[36massets/CustomFormLabel-BAvhLkmO.js          [39m[1m[2m  0.27 kB[22m[1m[22m[2m │ gzip:   0.23 kB[22m
[2mdist/[22m[36massets/instituteCreditsService-AzpurvqN.js  [39m[1m[2m  0.35 kB[22m[1m[22m[2m │ gzip:   0.22 kB[22m
[2mdist/[22m[36massets/IconPlus-CwilbEd8.js                 [39m[1m[2m  0.37 kB[22m[1m[22m[2m │ gzip:   0.28 kB[22m
[2mdist/[22m[36massets/creditsWalletService-CRCEGmsY.js     [39m[1m[2m  0.40 kB[22m[1m[22m[2m │ gzip:   0.24 kB[22m
[2mdist/[22m[36massets/instituteService-BpKmbQFT.js         [39m[1m[2m  0.42 kB[22m[1m[22m[2m │ gzip:   0.24 kB[22m
[2mdist/[22m[36massets/IconEye-DwTni6Jw.js                  [39m[1m[2m  0.46 kB[22m[1m[22m[2m │ gzip:   0.33 kB[22m
[2mdist/[22m[36massets/CustomOutlinedInput-CnIZNZgp.js      [39m[1m[2m  0.47 kB[22m[1m[22m[2m │ gzip:   0.27 kB[22m
[2mdist/[22m[36massets/poiunt-aus-logo-CnISmNW-.js          [39m[1m[2m  0.54 kB[22m[1m[22m[2m │ gzip:   0.32 kB[22m
[2mdist/[22m[36massets/IconTrash-CTJfHmX0.js                [39m[1m[2m  0.55 kB[22m[1m[22m[2m │ gzip:   0.34 kB[22m
[2mdist/[22m[36massets/Card-DKgl3MTF.js                     [39m[1m[2m  0.58 kB[22m[1m[22m[2m │ gzip:   0.38 kB[22m
[2mdist/[22m[36massets/Error-D3TR8FkV.js                    [39m[1m[2m  0.70 kB[22m[1m[22m[2m │ gzip:   0.44 kB[22m
[2mdist/[22m[36massets/Toolbar-Q4I_dN1B.js                  [39m[1m[2m  1.13 kB[22m[1m[22m[2m │ gzip:   0.60 kB[22m
[2mdist/[22m[36massets/createReactComponent-CcB-i94d.js     [39m[1m[2m  1.13 kB[22m[1m[22m[2m │ gzip:   0.55 kB[22m
[2mdist/[22m[36massets/DialogTitle-DpdaZbJr.js              [39m[1m[2m  1.32 kB[22m[1m[22m[2m │ gzip:   0.65 kB[22m
[2mdist/[22m[36massets/ListSubheader-Ta2dhxQ6.js            [39m[1m[2m  1.70 kB[22m[1m[22m[2m │ gzip:   0.83 kB[22m
[2mdist/[22m[36massets/Stack-lhH0w2qw.js                    [39m[1m[2m  1.89 kB[22m[1m[22m[2m │ gzip:   0.98 kB[22m
[2mdist/[22m[36massets/BrandsList-BoSt33VV.js               [39m[1m[2m  1.91 kB[22m[1m[22m[2m │ gzip:   0.98 kB[22m
[2mdist/[22m[36massets/InputAdornment-BhNtpRNJ.js           [39m[1m[2m  1.91 kB[22m[1m[22m[2m │ gzip:   0.97 kB[22m
[2mdist/[22m[36massets/EditBrand-CEcDuUhH.js                [39m[1m[2m  1.96 kB[22m[1m[22m[2m │ gzip:   0.99 kB[22m
[2mdist/[22m[36massets/Container-D--r6N2D.js                [39m[1m[2m  1.99 kB[22m[1m[22m[2m │ gzip:   0.84 kB[22m
[2mdist/[22m[36massets/Grow-BGoN9juq.js                     [39m[1m[2m  2.03 kB[22m[1m[22m[2m │ gzip:   1.01 kB[22m
[2mdist/[22m[36massets/InstituteList-CwC2UoAe.js            [39m[1m[2m  2.36 kB[22m[1m[22m[2m │ gzip:   1.04 kB[22m
[2mdist/[22m[36massets/FormControlLabel-D27cVR6h.js         [39m[1m[2m  2.71 kB[22m[1m[22m[2m │ gzip:   1.28 kB[22m
[2mdist/[22m[36massets/user-1-D1zWooRd.js                   [39m[1m[2m  2.93 kB[22m[1m[22m[2m │ gzip:   1.46 kB[22m
[2mdist/[22m[36massets/InstituteCreditsEdit-BfOpKjXQ.js     [39m[1m[2m  3.01 kB[22m[1m[22m[2m │ gzip:   1.43 kB[22m
[2mdist/[22m[36massets/CreditsWalletCreate-B-tuFWOL.js      [39m[1m[2m  3.10 kB[22m[1m[22m[2m │ gzip:   1.40 kB[22m
[2mdist/[22m[36massets/CreditsWalletEdit-k_QQfWn4.js        [39m[1m[2m  3.22 kB[22m[1m[22m[2m │ gzip:   1.44 kB[22m
[2mdist/[22m[36massets/Link-CWF-mY04.js                     [39m[1m[2m  3.29 kB[22m[1m[22m[2m │ gzip:   1.36 kB[22m
[2mdist/[22m[36massets/IconButton-Bt8EART0.js               [39m[1m[2m  3.32 kB[22m[1m[22m[2m │ gzip:   1.36 kB[22m
[2mdist/[22m[36massets/InstituteCreditsCreate-olLmeV4c.js   [39m[1m[2m  3.58 kB[22m[1m[22m[2m │ gzip:   1.67 kB[22m
[2mdist/[22m[36massets/Divider-D4RDDPOQ.js                  [39m[1m[2m  3.72 kB[22m[1m[22m[2m │ gzip:   1.29 kB[22m
[2mdist/[22m[36massets/MenuItem-DiTtplFK.js                 [39m[1m[2m  3.73 kB[22m[1m[22m[2m │ gzip:   1.51 kB[22m
[2mdist/[22m[36massets/CreditsWalletList-D2s1dZVV.js        [39m[1m[2m  3.85 kB[22m[1m[22m[2m │ gzip:   1.58 kB[22m
[2mdist/[22m[36massets/LoadingBar-2_V5El9c.js               [39m[1m[2m  3.98 kB[22m[1m[22m[2m │ gzip:   1.48 kB[22m
[2mdist/[22m[36massets/Breadcrumb-I-vjidMh.js               [39m[1m[2m  4.34 kB[22m[1m[22m[2m │ gzip:   1.93 kB[22m
[2mdist/[22m[36massets/CreateBrand-BrNAcYGr.js              [39m[1m[2m  4.41 kB[22m[1m[22m[2m │ gzip:   1.81 kB[22m
[2mdist/[22m[36massets/InstituteCreditsList-D4FAK_Bm.js     [39m[1m[2m  4.51 kB[22m[1m[22m[2m │ gzip:   1.85 kB[22m
[2mdist/[22m[36massets/Login2-oLLVKI6b.js                   [39m[1m[2m  4.52 kB[22m[1m[22m[2m │ gzip:   2.10 kB[22m
[2mdist/[22m[36massets/Alert-COjZgNCv.js                    [39m[1m[2m  5.13 kB[22m[1m[22m[2m │ gzip:   2.06 kB[22m
[2mdist/[22m[36massets/DialogContent-DM4uw1Jx.js            [39m[1m[2m  5.92 kB[22m[1m[22m[2m │ gzip:   2.19 kB[22m
[2mdist/[22m[36massets/getReactElementRef-BLPqejsq.js       [39m[1m[2m  6.26 kB[22m[1m[22m[2m │ gzip:   2.37 kB[22m
[2mdist/[22m[36massets/TableRow-DKdQ2X-c.js                 [39m[1m[2m  6.59 kB[22m[1m[22m[2m │ gzip:   2.16 kB[22m
[2mdist/[22m[36massets/TablePagination-C2WuZ1V8.js          [39m[1m[2m  6.67 kB[22m[1m[22m[2m │ gzip:   2.53 kB[22m
[2mdist/[22m[36massets/Switch-CUhbNGXg.js                   [39m[1m[2m  6.98 kB[22m[1m[22m[2m │ gzip:   2.58 kB[22m
[2mdist/[22m[36massets/Snackbar-vSjVoUf3.js                 [39m[1m[2m  7.25 kB[22m[1m[22m[2m │ gzip:   2.73 kB[22m
[2mdist/[22m[36massets/InstituteEdit-DlpAllQC.js            [39m[1m[2m  9.19 kB[22m[1m[22m[2m │ gzip:   3.29 kB[22m
[2mdist/[22m[36massets/Chip-5UnqcXu1.js                     [39m[1m[2m  9.24 kB[22m[1m[22m[2m │ gzip:   2.89 kB[22m
[2mdist/[22m[36massets/Tooltip-DJWIgppl.js                  [39m[1m[2m  9.42 kB[22m[1m[22m[2m │ gzip:   3.27 kB[22m
[2mdist/[22m[36massets/InstituteCreate-_TADpe7A.js          [39m[1m[2m  9.48 kB[22m[1m[22m[2m │ gzip:   3.50 kB[22m
[2mdist/[22m[36massets/TextField-CtmUcaFA.js                [39m[1m[2m 11.02 kB[22m[1m[22m[2m │ gzip:   3.68 kB[22m
[2mdist/[22m[36massets/index-1d5DAptm.js                    [39m[1m[2m 13.14 kB[22m[1m[22m[2m │ gzip:   6.07 kB[22m
[2mdist/[22m[36massets/Modal-CfMlx-Pk.js                    [39m[1m[2m 13.43 kB[22m[1m[22m[2m │ gzip:   5.14 kB[22m
[2mdist/[22m[36massets/ProductTableList-BySJ6FNl.js         [39m[1m[2m 14.68 kB[22m[1m[22m[2m │ gzip:   5.57 kB[22m
[2mdist/[22m[36massets/OutlinedInput-Bq1UdEcb.js            [39m[1m[2m 14.75 kB[22m[1m[22m[2m │ gzip:   5.27 kB[22m
[2mdist/[22m[36massets/PageContainer-CYVBTq6S.js            [39m[1m[2m 16.81 kB[22m[1m[22m[2m │ gzip:   6.17 kB[22m
[2mdist/[22m[36massets/ConfirmDeletePopUp-BoNkv_z6.js       [39m[1m[2m 22.42 kB[22m[1m[22m[2m │ gzip:   6.78 kB[22m
[2mdist/[22m[36massets/Autocomplete-g3aYCc9M.js             [39m[1m[2m 22.57 kB[22m[1m[22m[2m │ gzip:   8.08 kB[22m
[2mdist/[22m[36massets/Popper-CTN6auxV.js                   [39m[1m[2m 23.30 kB[22m[1m[22m[2m │ gzip:   8.76 kB[22m
[2mdist/[22m[36massets/index.esm-2shCLFCH.js                [39m[1m[2m 27.69 kB[22m[1m[22m[2m │ gzip:   5.97 kB[22m
[2mdist/[22m[36massets/Select-BpAic2Rs.js                   [39m[1m[2m 28.78 kB[22m[1m[22m[2m │ gzip:   9.38 kB[22m
[2mdist/[22m[36massets/Modern-D07LpdkS.js                   [39m[1m[2m 31.24 kB[22m[1m[22m[2m │ gzip:   8.94 kB[22m
[2mdist/[22m[36massets/Button-Q0UopXcT.js                   [39m[1m[2m 32.99 kB[22m[1m[22m[2m │ gzip:  10.74 kB[22m
[2mdist/[22m[36massets/axiosInstance-Ci1GWNJ9.js            [39m[1m[2m 36.40 kB[22m[1m[22m[2m │ gzip:  14.73 kB[22m
[2mdist/[22m[36massets/Ecommerce-DXzmEDl4.js                [39m[1m[2m 37.04 kB[22m[1m[22m[2m │ gzip:   8.94 kB[22m
[2mdist/[22m[36massets/FullLayout-utxr_e-o.js               [39m[1m[2m172.43 kB[22m[1m[22m[2m │ gzip:  48.83 kB[22m
[2mdist/[22m[36massets/DashboardWidgetCard-DgD3qkeq.js      [39m[1m[33m583.80 kB[39m[22m[2m │ gzip: 158.91 kB[22m
[2mdist/[22m[36massets/index-DUOcenvh.js                    [39m[1m[33m625.81 kB[39m[22m[2m │ gzip: 201.86 kB[22m
[33m
(!) Some chunks are larger than 500 kB after minification. Consider:
- Using dynamic import() to code-split the application
- Use build.rollupOptions.output.manualChunks to improve chunking: https://rollupjs.org/configuration-options/#output-manualchunks
- Adjust chunk size limit for this warning via build.chunkSizeWarningLimit.[39m
[32m✓ built in 1m 48s[39m
